// Jest Snapshot v1, https://goo.gl/fbAQLP

exports[`Search snapshot 1`] = `
<input
  onInput={[Function]}
  placeholder="buscar"
/>
`;
