// Jest Snapshot v1, https://goo.gl/fbAQLP

exports[`Item load 1`] = `
<li>
  test item
</li>
`;
