// Jest Snapshot v1, https://goo.gl/fbAQLP

exports[`List snapshot 1`] = `
<div>
  <div
    style={
      Object {
        "display": "flex",
        "justifyContent": "space-between",
      }
    }
  >
    <input
      onInput={[Function]}
      placeholder="buscar"
    />
    <div>
      <label
        htmlFor="input-order"
        style={
          Object {
            "marginRight": "10px",
          }
        }
      >
        Ordenar:
      </label>
      <select
        id="input-order"
        onChange={[Function]}
      >
        <option
          defaultValue={true}
          value="asc"
        >
          a...z
        </option>
        <option
          value="des"
        >
          z...a
        </option>
      </select>
    </div>
  </div>
  <ul>
    <li />
    <li />
    <li />
    <li />
    <li />
    <li />
    <li />
    <li />
    <li />
    <li />
  </ul>
</div>
`;
